// Jest Snapshot v1, https://goo.gl/fbAQLP

exports[`nav bar nav bar matches snapshot 1`] = `undefined`;
